Archive member included to satisfy reference by file (symbol)

c:/st/stm32cubeide_1.8.0/stm32cubeide/plugins/com.st.stm32cube.ide.mcu.externaltools.gnu-tools-for-stm32.9-2020-q2-update.win32_2.0.0.202105311346/tools/bin/../lib/gcc/arm-none-eabi/9.3.1/../../../../arm-none-eabi/lib/thumb/v7-m/nofp\libc_nano.a(lib_a-errno.o)
                              ./Core/Src/syscalls.o (__errno)
c:/st/stm32cubeide_1.8.0/stm32cubeide/plugins/com.st.stm32cube.ide.mcu.externaltools.gnu-tools-for-stm32.9-2020-q2-update.win32_2.0.0.202105311346/tools/bin/../lib/gcc/arm-none-eabi/9.3.1/../../../../arm-none-eabi/lib/thumb/v7-m/nofp\libc_nano.a(lib_a-exit.o)
                              c:/st/stm32cubeide_1.8.0/stm32cubeide/plugins/com.st.stm32cube.ide.mcu.externaltools.gnu-tools-for-stm32.9-2020-q2-update.win32_2.0.0.202105311346/tools/bin/../lib/gcc/arm-none-eabi/9.3.1/../../../../arm-none-eabi/lib/thumb/v7-m/nofp/crt0.o (exit)
c:/st/stm32cubeide_1.8.0/stm32cubeide/plugins/com.st.stm32cube.ide.mcu.externaltools.gnu-tools-for-stm32.9-2020-q2-update.win32_2.0.0.202105311346/tools/bin/../lib/gcc/arm-none-eabi/9.3.1/../../../../arm-none-eabi/lib/thumb/v7-m/nofp\libc_nano.a(lib_a-impure.o)
                              c:/st/stm32cubeide_1.8.0/stm32cubeide/plugins/com.st.stm32cube.ide.mcu.externaltools.gnu-tools-for-stm32.9-2020-q2-update.win32_2.0.0.202105311346/tools/bin/../lib/gcc/arm-none-eabi/9.3.1/../../../../arm-none-eabi/lib/thumb/v7-m/nofp\libc_nano.a(lib_a-exit.o) (_global_impure_ptr)
c:/st/stm32cubeide_1.8.0/stm32cubeide/plugins/com.st.stm32cube.ide.mcu.externaltools.gnu-tools-for-stm32.9-2020-q2-update.win32_2.0.0.202105311346/tools/bin/../lib/gcc/arm-none-eabi/9.3.1/../../../../arm-none-eabi/lib/thumb/v7-m/nofp\libc_nano.a(lib_a-init.o)
                              c:/st/stm32cubeide_1.8.0/stm32cubeide/plugins/com.st.stm32cube.ide.mcu.externaltools.gnu-tools-for-stm32.9-2020-q2-update.win32_2.0.0.202105311346/tools/bin/../lib/gcc/arm-none-eabi/9.3.1/../../../../arm-none-eabi/lib/thumb/v7-m/nofp/crt0.o (__libc_init_array)
c:/st/stm32cubeide_1.8.0/stm32cubeide/plugins/com.st.stm32cube.ide.mcu.externaltools.gnu-tools-for-stm32.9-2020-q2-update.win32_2.0.0.202105311346/tools/bin/../lib/gcc/arm-none-eabi/9.3.1/../../../../arm-none-eabi/lib/thumb/v7-m/nofp\libc_nano.a(lib_a-memset.o)
                              c:/st/stm32cubeide_1.8.0/stm32cubeide/plugins/com.st.stm32cube.ide.mcu.externaltools.gnu-tools-for-stm32.9-2020-q2-update.win32_2.0.0.202105311346/tools/bin/../lib/gcc/arm-none-eabi/9.3.1/../../../../arm-none-eabi/lib/thumb/v7-m/nofp/crt0.o (memset)
c:/st/stm32cubeide_1.8.0/stm32cubeide/plugins/com.st.stm32cube.ide.mcu.externaltools.gnu-tools-for-stm32.9-2020-q2-update.win32_2.0.0.202105311346/tools/bin/../lib/gcc/arm-none-eabi/9.3.1/thumb/v7-m/nofp\libgcc.a(_arm_muldf3.o)
                              ./Core/Src/main.o (__aeabi_dmul)
c:/st/stm32cubeide_1.8.0/stm32cubeide/plugins/com.st.stm32cube.ide.mcu.externaltools.gnu-tools-for-stm32.9-2020-q2-update.win32_2.0.0.202105311346/tools/bin/../lib/gcc/arm-none-eabi/9.3.1/thumb/v7-m/nofp\libgcc.a(_arm_addsubdf3.o)
                              ./Core/Src/main.o (__aeabi_f2d)
c:/st/stm32cubeide_1.8.0/stm32cubeide/plugins/com.st.stm32cube.ide.mcu.externaltools.gnu-tools-for-stm32.9-2020-q2-update.win32_2.0.0.202105311346/tools/bin/../lib/gcc/arm-none-eabi/9.3.1/thumb/v7-m/nofp\libgcc.a(_arm_muldivdf3.o)
                              ./Core/Src/main.o (__aeabi_ddiv)
c:/st/stm32cubeide_1.8.0/stm32cubeide/plugins/com.st.stm32cube.ide.mcu.externaltools.gnu-tools-for-stm32.9-2020-q2-update.win32_2.0.0.202105311346/tools/bin/../lib/gcc/arm-none-eabi/9.3.1/thumb/v7-m/nofp\libgcc.a(_arm_fixdfsi.o)
                              ./Core/Src/main.o (__aeabi_d2iz)
c:/st/stm32cubeide_1.8.0/stm32cubeide/plugins/com.st.stm32cube.ide.mcu.externaltools.gnu-tools-for-stm32.9-2020-q2-update.win32_2.0.0.202105311346/tools/bin/../lib/gcc/arm-none-eabi/9.3.1/thumb/v7-m/nofp\libgcc.a(_arm_addsubsf3.o)
                              ./Core/Src/main.o (__aeabi_i2f)
c:/st/stm32cubeide_1.8.0/stm32cubeide/plugins/com.st.stm32cube.ide.mcu.externaltools.gnu-tools-for-stm32.9-2020-q2-update.win32_2.0.0.202105311346/tools/bin/../lib/gcc/arm-none-eabi/9.3.1/thumb/v7-m/nofp\libgcc.a(_arm_cmpsf2.o)
                              ./Core/Src/main.o (__aeabi_fcmplt)

Allocating common symbols
Common symbol       size              file

htim4               0x48              ./Core/Src/main.o
huart3              0x48              ./Core/Src/main.o
T3_5                0x2               ./Core/Src/SimpleModbusSlave.o
cnt                 0x4               ./Core/Src/main.o
uwTick              0x4               ./Drivers/STM32F1xx_HAL_Driver/Src/stm32f1xx_hal.o
pFlash              0x20              ./Drivers/STM32F1xx_HAL_Driver/Src/stm32f1xx_hal_flash.o
hspi3               0x58              ./Core/Src/main.o
Denta_Ang           0x4               ./Core/Src/main.o
[...]
Memory Configuration

Name             Origin             Length             Attributes
RAM              0x0000000020000000 0x000000000000c000 xrw
FLASH            0x0000000008000000 0x0000000000040000 xr
*default*        0x0000000000000000 0xffffffffffffffff

Linker script and memory map

LOAD c:/st/stm32cubeide_1.8.0/stm32cubeide/plugins/com.st.stm32cube.ide.mcu.externaltools.gnu-tools-for-stm32.9-2020-q2-update.win32_2.0.0.202105311346/tools/bin/../lib/gcc/arm-none-eabi/9.3.1/thumb/v7-m/nofp/crti.o
LOAD c:/st/stm32cubeide_1.8.0/stm32cubeide/plugins/com.st.stm32cube.ide.mcu.externaltools.gnu-tools-for-stm32.9-2020-q2-update.win32_2.0.0.202105311346/tools/bin/../lib/gcc/arm-none-eabi/9.3.1/thumb/v7-m/nofp/crtbegin.o
LOAD c:/st/stm32cubeide_1.8.0/stm32cubeide/plugins/com.st.stm32cube.ide.mcu.externaltools.gnu-tools-for-stm32.9-2020-q2-update.win32_2.0.0.202105311346/tools/bin/../lib/gcc/arm-none-eabi/9.3.1/../../../../arm-none-eabi/lib/thumb/v7-m/nofp/crt0.o
LOAD ./Core/Src/SimpleModbusSlave.o
LOAD ./Core/Src/main.o
LOAD ./Core/Src/stm32f1xx_hal_msp.o
LOAD ./Core/Src/stm32f1xx_it.o
LOAD ./Core/Src/syscalls.o
LOAD ./Core/Src/sysmem.o
LOAD ./Core/Src/system_stm32f1xx.o
LOAD ./Core/Startup/startup_stm32f103rctx.o
LOAD ./Drivers/STM32F1xx_HAL_Driver/Src/stm32f1xx_hal.o
LOAD ./Drivers/STM32F1xx_HAL_Driver/Src/stm32f1xx_hal_cortex.o
LOAD ./Drivers/STM32F1xx_HAL_Driver/Src/stm32f1xx_hal_dma.o
LOAD ./Drivers/STM32F1xx_HAL_Driver/Src/stm32f1xx_hal_exti.o
LOAD ./Drivers/STM32F1xx_HAL_Driver/Src/stm32f1xx_hal_flash.o
LOAD ./Drivers/STM32F1xx_HAL_Driver/Src/stm32f1xx_hal_flash_ex.o
LOAD ./Drivers/STM32F1xx_HAL_Driver/Src/stm32f1xx_hal_gpio.o
LOAD ./Drivers/STM32F1xx_HAL_Driver/Src/stm32f1xx_hal_gpio_ex.o
LOAD ./Drivers/STM32F1xx_HAL_Driver/Src/stm32f1xx_hal_pwr.o
LOAD ./Drivers/STM32F1xx_HAL_Driver/Src/stm32f1xx_hal_rcc.o
LOAD ./Drivers/STM32F1xx_HAL_Driver/Src/stm32f1xx_hal_rcc_ex.o
LOAD ./Drivers/STM32F1xx_HAL_Driver/Src/stm32f1xx_hal_spi.o
LOAD ./Drivers/STM32F1xx_HAL_Driver/Src/stm32f1xx_hal_tim.o
LOAD ./Drivers/STM32F1xx_HAL_Driver/Src/stm32f1xx_hal_tim_ex.o
LOAD ./Drivers/STM32F1xx_HAL_Driver/Src/stm32f1xx_hal_uart.o
START GROUP
LOAD c:/st/stm32cubeide_1.8.0/stm32cubeide/plugins/com.st.stm32cube.ide.mcu.externaltools.gnu-tools-for-stm32.9-2020-q2-update.win32_2.0.0.202105311346/tools/bin/../lib/gcc/arm-none-eabi/9.3.1/../../../../arm-none-eabi/lib/thumb/v7-m/nofp\libc_nano.a
LOAD c:/st/stm32cubeide_1.8.0/stm32cubeide/plugins/com.st.stm32cube.ide.mcu.externaltools.gnu-tools-for-stm32.9-2020-q2-update.win32_2.0.0.202105311346/tools/bin/../lib/gcc/arm-none-eabi/9.3.1/../../../../arm-none-eabi/lib/thumb/v7-m/nofp\libm.a
END GROUP
START GROUP
LOAD c:/st/stm32cubeide_1.8.0/stm32cubeide/plugins/com.st.stm32cube.ide.mcu.externaltools.gnu-tools-for-stm32.9-2020-q2-update.win32_2.0.0.202105311346/tools/bin/../lib/gcc/arm-none-eabi/9.3.1/thumb/v7-m/nofp\libgcc.a
LOAD c:/st/stm32cubeide_1.8.0/stm32cubeide/plugins/com.st.stm32cube.ide.mcu.externaltools.gnu-tools-for-stm32.9-2020-q2-update.win32_2.0.0.202105311346/tools/bin/../lib/gcc/arm-none-eabi/9.3.1/../../../../arm-none-eabi/lib/thumb/v7-m/nofp\libc_nano.a
END GROUP
START GROUP
LOAD c:/st/stm32cubeide_1.8.0/stm32cubeide/plugins/com.st.stm32cube.ide.mcu.externaltools.gnu-tools-for-stm32.9-2020-q2-update.win32_2.0.0.202105311346/tools/bin/../lib/gcc/arm-none-eabi/9.3.1/thumb/v7-m/nofp\libgcc.a
LOAD c:/st/stm32cubeide_1.8.0/stm32cubeide/plugins/com.st.stm32cube.ide.mcu.externaltools.gnu-tools-for-stm32.9-2020-q2-update.win32_2.0.0.202105311346/tools/bin/../lib/gcc/arm-none-eabi/9.3.1/../../../../arm-none-eabi/lib/thumb/v7-m/nofp\libc_nano.a
LOAD c:/st/stm32cubeide_1.8.0/stm32cubeide/plugins/com.st.stm32cube.ide.mcu.externaltools.gnu-tools-for-stm32.9-2020-q2-update.win32_2.0.0.202105311346/tools/bin/../lib/gcc/arm-none-eabi/9.3.1/../../../../arm-none-eabi/lib/thumb/v7-m/nofp\libnosys.a
END GROUP
START GROUP
LOAD c:/st/stm32cubeide_1.8.0/stm32cubeide/plugins/com.st.stm32cube.ide.mcu.externaltools.gnu-tools-for-stm32.9-2020-q2-update.win32_2.0.0.202105311346/tools/bin/../lib/gcc/arm-none-eabi/9.3.1/thumb/v7-m/nofp\libgcc.a
LOAD c:/st/stm32cubeide_1.8.0/stm32cubeide/plugins/com.st.stm32cube.ide.mcu.externaltools.gnu-tools-for-stm32.9-2020-q2-update.win32_2.0.0.202105311346/tools/bin/../lib/gcc/arm-none-eabi/9.3.1/../../../../arm-none-eabi/lib/thumb/v7-m/nofp\libc_nano.a
LOAD c:/st/stm32cubeide_1.8.0/stm32cubeide/plugins/com.st.stm32cube.ide.mcu.externaltools.gnu-tools-for-stm32.9-2020-q2-update.win32_2.0.0.202105311346/tools/bin/../lib/gcc/arm-none-eabi/9.3.1/../../../../arm-none-eabi/lib/thumb/v7-m/nofp\libnosys.a
END GROUP
LOAD c:/st/stm32cubeide_1.8.0/stm32cubeide/plugins/com.st.stm32cube.ide.mcu.externaltools.gnu-tools-for-stm32.9-2020-q2-update.win32_2.0.0.202105311346/tools/bin/../lib/gcc/arm-none-eabi/9.3.1/thumb/v7-m/nofp/crtend.o
LOAD c:/st/stm32cubeide_1.8.0/stm32cubeide/plugins/com.st.stm32cube.ide.mcu.externaltools.gnu-tools-for-stm32.9-2020-q2-update.win32_2.0.0.202105311346/tools/bin/../lib/gcc/arm-none-eabi/9.3.1/thumb/v7-m/nofp/crtn.o
                0x000000002000c000                _estack = (ORIGIN (RAM) + LENGTH (RAM))
                0x0000000000000200                _Min_Heap_Size = 0x200
                0x0000000000000400                _Min_Stack_Size = 0x400

.isr_vector     0x0000000008000000      0x1e4
                0x0000000008000000                . = ALIGN (0x4)
 *(.isr_vector)
 .isr_vector    0x0000000008000000      0x1e4 ./Core/Startup/startup_stm32f103rctx.o
                0x0000000008000000                g_pfnVectors
                0x00000000080001e4                . = ALIGN (0x4)

.text           0x00000000080001e8     0x4fc8
                0x00000000080001e8                . = ALIGN (0x4)
 *(.text)
 .text          0x00000000080001e8       0x40 c:/st/stm32cubeide_1.8.0/stm32cubeide/plugins/com.st.stm32cube.ide.mcu.externaltools.gnu-tools-for-stm32.9-2020-q2-update.win32_2.0.0.202105311346/tools/bin/../lib/gcc/arm-none-eabi/9.3.1/thumb/v7-m/nofp/crtbegin.o
 .text          0x0000000008000228      0x378 c:/st/stm32cubeide_1.8.0/stm32cubeide/plugins/com.st.stm32cube.ide.mcu.externaltools.gnu-tools-for-stm32.9-2020-q2-update.win32_2.0.0.202105311346/tools/bin/../lib/gcc/arm-none-eabi/9.3.1/thumb/v7-m/nofp\libgcc.a(_arm_addsubdf3.o)
                0x0000000008000228                __aeabi_drsub
                0x0000000008000230                __aeabi_dsub
                0x0000000008000230                __subdf3
                0x0000000008000234                __aeabi_dadd
                0x0000000008000234                __adddf3
                0x00000000080004ac                __floatunsidf
                0x00000000080004ac                __aeabi_ui2d
                0x00000000080004cc                __floatsidf
                0x00000000080004cc                __aeabi_i2d
                0x00000000080004f0                __aeabi_f2d
                0x00000000080004f0                __extendsfdf2
                0x0000000008000534                __floatundidf
                0x0000000008000534                __aeabi_ul2d
                0x0000000008000544                __floatdidf
                0x0000000008000544                __aeabi_l2d
 .text          0x00000000080005a0      0x424 c:/st/stm32cubeide_1.8.0/stm32cubeide/plugins/com.st.stm32cube.ide.mcu.externaltools.gnu-tools-for-stm32.9-2020-q2-update.win32_2.0.0.202105311346/tools/bin/../lib/gcc/arm-none-eabi/9.3.1/thumb/v7-m/nofp\libgcc.a(_arm_muldivdf3.o)
                0x00000000080005a0                __aeabi_dmul
                0x00000000080005a0                __muldf3
                0x00000000080007f4                __divdf3
                0x00000000080007f4                __aeabi_ddiv
 .text          0x00000000080009c4       0x50 c:/st/stm32cubeide_1.8.0/stm32cubeide/plugins/com.st.stm32cube.ide.mcu.externaltools.gnu-tools-for-stm32.9-2020-q2-update.win32_2.0.0.202105311346/tools/bin/../lib/gcc/arm-none-eabi/9.3.1/thumb/v7-m/nofp\libgcc.a(_arm_fixdfsi.o)
                0x00000000080009c4                __aeabi_d2iz
                0x00000000080009c4                __fixdfsi
 .text          0x0000000008000a14      0x21c c:/st/stm32cubeide_1.8.0/stm32cubeide/plugins/com.st.stm32cube.ide.mcu.externaltools.gnu-tools-for-stm32.9-2020-q2-update.win32_2.0.0.202105311346/tools/bin/../lib/gcc/arm-none-eabi/9.3.1/thumb/v7-m/nofp\libgcc.a(_arm_addsubsf3.o)
                0x0000000008000a14                __aeabi_frsub
                0x0000000008000a1c                __subsf3
                0x0000000008000a1c                __aeabi_fsub
                0x0000000008000a20                __aeabi_fadd
                0x0000000008000a20                __addsf3
                0x0000000008000b80                __aeabi_ui2f
                0x0000000008000b80                __floatunsisf
                0x0000000008000b88                __aeabi_i2f
                0x0000000008000b88                __floatsisf
                0x0000000008000ba4                __aeabi_ul2f
                0x0000000008000ba4                __floatundisf
                0x0000000008000bb4                __aeabi_l2f
                0x0000000008000bb4                __floatdisf
 .text          0x0000000008000c30       0xec c:/st/stm32cubeide_1.8.0/stm32cubeide/plugins/com.st.stm32cube.ide.mcu.externaltools.gnu-tools-for-stm32.9-2020-q2-update.win32_2.0.0.202105311346/tools/bin/../lib/gcc/arm-none-eabi/9.3.1/thumb/v7-m/nofp\libgcc.a(_arm_cmpsf2.o)
                0x0000000008000c30                __gesf2
                0x0000000008000c30                __gtsf2
                0x0000000008000c38                __lesf2
                0x0000000008000c38                __ltsf2
                0x0000000008000c40                __nesf2
                0x0000000008000c40                __eqsf2
                0x0000000008000c40                __cmpsf2
                0x0000000008000ca0                __aeabi_cfrcmple
                0x0000000008000ca8                __aeabi_cfcmpeq
                0x0000000008000ca8                __aeabi_cfcmple
                0x0000000008000cb8                __aeabi_fcmpeq
                0x0000000008000ccc                __aeabi_fcmplt
                0x0000000008000ce0                __aeabi_fcmple
                0x0000000008000cf4                __aeabi_fcmpge
                0x0000000008000d08                __aeabi_fcmpgt
 *(.text*)
 .text.modbus_update
                0x0000000008000d1c      0x3ac ./Core/Src/SimpleModbusSlave.o
                0x0000000008000d1c                modbus_update
 .text.exceptionResponse
                0x00000000080010c8       0x7c ./Core/Src/SimpleModbusSlave.o
                0x00000000080010c8                exceptionResponse
 .text.modbus_configure
                0x0000000008001144       0xcc ./Core/Src/SimpleModbusSlave.o
                0x0000000008001144                modbus_configure
 .text.calculateCRC
                0x0000000008001210       0x8c ./Core/Src/SimpleModbusSlave.o
                0x0000000008001210                calculateCRC
 .text.sendPacket
                0x000000000800129c       0x4c ./Core/Src/SimpleModbusSlave.o
                0x000000000800129c                sendPacket
 .text.UARTX_Available
                0x00000000080012e8       0x26 ./Core/Src/SimpleModbusSlave.o
                0x00000000080012e8                UARTX_Available
 *fill*         0x000000000800130e        0x2 
 .text.delayMicroseconds
                0x0000000008001310       0x30 ./Core/Src/SimpleModbusSlave.o
                0x0000000008001310                delayMicroseconds
 .text.DAC7716_Write
                0x0000000008001340       0x58 ./Core/Src/main.o
                0x0000000008001340                DAC7716_Write
 .text.DAC7716_SetVol
                0x0000000008001398       0xa4 ./Core/Src/main.o
                0x0000000008001398                DAC7716_SetVol
 .text.HAL_TIM_PeriodElapsedCallback
                0x000000000800143c      0x104 ./Core/Src/main.o
                0x000000000800143c                HAL_TIM_PeriodElapsedCallback
 .text.HAL_UART_RxCpltCallback
                0x0000000008001540      0x470 ./Core/Src/main.o
                0x0000000008001540                HAL_UART_RxCpltCallback
 .text._RET     0x00000000080019b0       0x28 ./Core/Src/main.o
                0x00000000080019b0                _RET
 .text.Relay_Update
                0x00000000080019d8       0xb4 ./Core/Src/main.o
                0x00000000080019d8                Relay_Update
 .text.Btn_Update
                0x0000000008001a8c       0xa0 ./Core/Src/main.o
                0x0000000008001a8c                Btn_Update
 .text.Relay_init
                0x0000000008001b2c       0x2c ./Core/Src/main.o
                0x0000000008001b2c                Relay_init
 .text.main     0x0000000008001b58       0xc4 ./Core/Src/main.o
                0x0000000008001b58                main
 .text.SystemClock_Config
                0x0000000008001c1c       0x82 ./Core/Src/main.o
                0x0000000008001c1c                SystemClock_Config
 *fill*         0x0000000008001c9e        0x2 
 .text.MX_SPI3_Init
                0x0000000008001ca0       0x6c ./Core/Src/main.o
 .text.MX_TIM4_Init
                0x0000000008001d0c       0x9c ./Core/Src/main.o
 .text.MX_TIM7_Init
                0x0000000008001da8       0x6c ./Core/Src/main.o
 .text.MX_USART1_UART_Init
                0x0000000008001e14       0x54 ./Core/Src/main.o
 .text.MX_USART3_UART_Init
                0x0000000008001e68       0x54 ./Core/Src/main.o
 .text.MX_GPIO_Init
                0x0000000008001ebc      0x168 ./Core/Src/main.o
 .text.Error_Handler
                0x0000000008002024        0xa ./Core/Src/main.o
                0x0000000008002024                Error_Handler
 *fill*         0x000000000800202e        0x2 
 .text.HAL_MspInit
                0x0000000008002030       0x64 ./Core/Src/stm32f1xx_hal_msp.o
                0x0000000008002030                HAL_MspInit
 .text.HAL_SPI_MspInit
                0x0000000008002094       0x7c ./Core/Src/stm32f1xx_hal_msp.o
                0x0000000008002094                HAL_SPI_MspInit
 .text.HAL_TIM_Base_MspInit
                0x0000000008002110       0x74 ./Core/Src/stm32f1xx_hal_msp.o
                0x0000000008002110                HAL_TIM_Base_MspInit
 .text.HAL_UART_MspInit
                0x0000000008002184      0x158 ./Core/Src/stm32f1xx_hal_msp.o
                0x0000000008002184                HAL_UART_MspInit
 .text.NMI_Handler
                0x00000000080022dc        0x6 ./Core/Src/stm32f1xx_it.o
                0x00000000080022dc                NMI_Handler
 .text.HardFault_Handler
                0x00000000080022e2        0x6 ./Core/Src/stm32f1xx_it.o
                0x00000000080022e2                HardFault_Handler
 .text.MemManage_Handler
                0x00000000080022e8        0x6 ./Core/Src/stm32f1xx_it.o
                0x00000000080022e8                MemManage_Handler
 .text.BusFault_Handler
                0x00000000080022ee        0x6 ./Core/Src/stm32f1xx_it.o
                0x00000000080022ee                BusFault_Handler
 .text.UsageFault_Handler
                0x00000000080022f4        0x6 ./Core/Src/stm32f1xx_it.o
                0x00000000080022f4                UsageFault_Handler
 .text.SVC_Handler
                0x00000000080022fa        0xc ./Core/Src/stm32f1xx_it.o
                0x00000000080022fa                SVC_Handler
 .text.DebugMon_Handler
                0x0000000008002306        0xc ./Core/Src/stm32f1xx_it.o
                0x0000000008002306                DebugMon_Handler
 .text.PendSV_Handler
                0x0000000008002312        0xc ./Core/Src/stm32f1xx_it.o
                0x0000000008002312                PendSV_Handler
 .text.SysTick_Handler
                0x000000000800231e        0xc ./Core/Src/stm32f1xx_it.o
                0x000000000800231e                SysTick_Handler
 *fill*         0x000000000800232a        0x2 
 .text.TIM4_IRQHandler
                0x000000000800232c       0x14 ./Core/Src/stm32f1xx_it.o
                0x000000000800232c                TIM4_IRQHandler
 .text.USART1_IRQHandler
                0x0000000008002340       0x14 ./Core/Src/stm32f1xx_it.o
                0x0000000008002340                USART1_IRQHandler
 .text.USART3_IRQHandler
                0x0000000008002354       0x14 ./Core/Src/stm32f1xx_it.o
                0x0000000008002354                USART3_IRQHandler
 .text.SystemInit
                0x0000000008002368        0xc ./Core/Src/system_stm32f1xx.o
                0x0000000008002368                SystemInit
 .text.Reset_Handler
                0x0000000008002374       0x48 ./Core/Startup/startup_stm32f103rctx.o
                0x0000000008002374                Reset_Handler
 .text.Default_Handler
                0x00000000080023bc        0x2 ./Core/Startup/startup_stm32f103rctx.o
                0x00000000080023bc                RTC_Alarm_IRQHandler
                0x00000000080023bc                EXTI2_IRQHandler
                0x00000000080023bc                TIM8_TRG_COM_IRQHandler
                0x00000000080023bc                TIM8_CC_IRQHandler
                0x00000000080023bc                TIM1_CC_IRQHandler
                0x00000000080023bc                TIM6_IRQHandler
                0x00000000080023bc                PVD_IRQHandler
                0x00000000080023bc                SDIO_IRQHandler
                0x00000000080023bc                EXTI3_IRQHandler
                0x00000000080023bc                EXTI0_IRQHandler
                0x00000000080023bc                I2C2_EV_IRQHandler
                0x00000000080023bc                ADC1_2_IRQHandler
                0x00000000080023bc                SPI1_IRQHandler
                0x00000000080023bc                TAMPER_IRQHandler
                0x00000000080023bc                TIM8_UP_IRQHandler
                0x00000000080023bc                DMA2_Channel2_IRQHandler
                0x00000000080023bc                DMA1_Channel4_IRQHandler
                0x00000000080023bc                RTC_IRQHandler
                0x00000000080023bc                DMA1_Channel7_IRQHandler
                0x00000000080023bc                CAN1_RX1_IRQHandler
                0x00000000080023bc                UART5_IRQHandler
                0x00000000080023bc                ADC3_IRQHandler
                0x00000000080023bc                DMA2_Channel1_IRQHandler
                0x00000000080023bc                I2C1_EV_IRQHandler
                0x00000000080023bc                DMA1_Channel6_IRQHandler
                0x00000000080023bc                UART4_IRQHandler
                0x00000000080023bc                TIM3_IRQHandler
                0x00000000080023bc                RCC_IRQHandler
                0x00000000080023bc                TIM1_TRG_COM_IRQHandler
                0x00000000080023bc                DMA1_Channel1_IRQHandler
                0x00000000080023bc                Default_Handler
                0x00000000080023bc                EXTI15_10_IRQHandler
                0x00000000080023bc                TIM7_IRQHandler
                0x00000000080023bc                TIM5_IRQHandler
                0x00000000080023bc                EXTI9_5_IRQHandler
                0x00000000080023bc                SPI2_IRQHandler
                0x00000000080023bc                DMA1_Channel5_IRQHandler
                0x00000000080023bc                EXTI4_IRQHandler
                0x00000000080023bc                USB_LP_CAN1_RX0_IRQHandler
                0x00000000080023bc                USB_HP_CAN1_TX_IRQHandler
                0x00000000080023bc                DMA1_Channel3_IRQHandler
                0x00000000080023bc                FSMC_IRQHandler
                0x00000000080023bc                TIM1_UP_IRQHandler
                0x00000000080023bc                WWDG_IRQHandler
                0x00000000080023bc                TIM2_IRQHandler
                0x00000000080023bc                TIM1_BRK_IRQHandler
                0x00000000080023bc                EXTI1_IRQHandler
                0x00000000080023bc                DMA2_Channel4_5_IRQHandler
                0x00000000080023bc                USART2_IRQHandler
                0x00000000080023bc                I2C2_ER_IRQHandler
                0x00000000080023bc                DMA1_Channel2_IRQHandler
                0x00000000080023bc                TIM8_BRK_IRQHandler
                0x00000000080023bc                CAN1_SCE_IRQHandler
                0x00000000080023bc                FLASH_IRQHandler
                0x00000000080023bc                SPI3_IRQHandler
                0x00000000080023bc                I2C1_ER_IRQHandler
                0x00000000080023bc                USBWakeUp_IRQHandler
                0x00000000080023bc                DMA2_Channel3_IRQHandler
 *fill*         0x00000000080023be        0x2 
 .text.HAL_Init
                0x00000000080023c0       0x2c ./Drivers/STM32F1xx_HAL_Driver/Src/stm32f1xx_hal.o
                0x00000000080023c0                HAL_Init
 .text.HAL_InitTick
                0x00000000080023ec       0x60 ./Drivers/STM32F1xx_HAL_Driver/Src/stm32f1xx_hal.o
                0x00000000080023ec                HAL_InitTick
 .text.HAL_IncTick
                0x000000000800244c       0x24 ./Drivers/STM32F1xx_HAL_Driver/Src/stm32f1xx_hal.o
                0x000000000800244c                HAL_IncTick
 .text.HAL_GetTick
                0x0000000008002470       0x14 ./Drivers/STM32F1xx_HAL_Driver/Src/stm32f1xx_hal.o
                0x0000000008002470                HAL_GetTick
 .text.HAL_Delay
                0x0000000008002484       0x48 ./Drivers/STM32F1xx_HAL_Driver/Src/stm32f1xx_hal.o
                0x0000000008002484                HAL_Delay
 .text.__NVIC_SetPriorityGrouping
                0x00000000080024cc       0x48 ./Drivers/STM32F1xx_HAL_Driver/Src/stm32f1xx_hal_cortex.o
 .text.__NVIC_GetPriorityGrouping
                0x0000000008002514       0x1c ./Drivers/STM32F1xx_HAL_Driver/Src/stm32f1xx_hal_cortex.o
 .text.__NVIC_EnableIRQ
                0x0000000008002530       0x38 ./Drivers/STM32F1xx_HAL_Driver/Src/stm32f1xx_hal_cortex.o
 .text.__NVIC_SetPriority
                0x0000000008002568       0x54 ./Drivers/STM32F1xx_HAL_Driver/Src/stm32f1xx_hal_cortex.o
 .text.NVIC_EncodePriority
                0x00000000080025bc       0x64 ./Drivers/STM32F1xx_HAL_Driver/Src/stm32f1xx_hal_cortex.o
 .text.SysTick_Config
                0x0000000008002620       0x44 ./Drivers/STM32F1xx_HAL_Driver/Src/stm32f1xx_hal_cortex.o
 .text.HAL_NVIC_SetPriorityGrouping
                0x0000000008002664       0x16 ./Drivers/STM32F1xx_HAL_Driver/Src/stm32f1xx_hal_cortex.o
                0x0000000008002664                HAL_NVIC_SetPriorityGrouping
 .text.HAL_NVIC_SetPriority
                0x000000000800267a       0x38 ./Drivers/STM32F1xx_HAL_Driver/Src/stm32f1xx_hal_cortex.o
                0x000000000800267a                HAL_NVIC_SetPriority
 .text.HAL_NVIC_EnableIRQ
                0x00000000080026b2       0x1c ./Drivers/STM32F1xx_HAL_Driver/Src/stm32f1xx_hal_cortex.o
                0x00000000080026b2                HAL_NVIC_EnableIRQ
 .text.HAL_SYSTICK_Config
                0x00000000080026ce       0x18 ./Drivers/STM32F1xx_HAL_Driver/Src/stm32f1xx_hal_cortex.o
                0x00000000080026ce                HAL_SYSTICK_Config
 .text.HAL_DMA_Abort
                0x00000000080026e6       0x76 ./Drivers/STM32F1xx_HAL_Driver/Src/stm32f1xx_hal_dma.o
                0x00000000080026e6                HAL_DMA_Abort
 .text.HAL_DMA_Abort_IT
                0x000000000800275c      0x210 ./Drivers/STM32F1xx_HAL_Driver/Src/stm32f1xx_hal_dma.o
                0x000000000800275c                HAL_DMA_Abort_IT
 .text.HAL_GPIO_Init
                0x000000000800296c      0x328 ./Drivers/STM32F1xx_HAL_Driver/Src/stm32f1xx_hal_gpio.o
                0x000000000800296c                HAL_GPIO_Init
 .text.HAL_GPIO_ReadPin
                0x0000000008002c94       0x2e ./Drivers/STM32F1xx_HAL_Driver/Src/stm32f1xx_hal_gpio.o
                0x0000000008002c94                HAL_GPIO_ReadPin
 .text.HAL_GPIO_WritePin
                0x0000000008002cc2       0x30 ./Drivers/STM32F1xx_HAL_Driver/Src/stm32f1xx_hal_gpio.o
                0x0000000008002cc2                HAL_GPIO_WritePin
 .text.HAL_GPIO_TogglePin
                0x0000000008002cf2       0x32 ./Drivers/STM32F1xx_HAL_Driver/Src/stm32f1xx_hal_gpio.o
                0x0000000008002cf2                HAL_GPIO_TogglePin
 .text.HAL_RCC_OscConfig
                0x0000000008002d24      0x500 ./Drivers/STM32F1xx_HAL_Driver/Src/stm32f1xx_hal_rcc.o
                0x0000000008002d24                HAL_RCC_OscConfig
 .text.HAL_RCC_ClockConfig
                0x0000000008003224      0x1d4 ./Drivers/STM32F1xx_HAL_Driver/Src/stm32f1xx_hal_rcc.o
                0x0000000008003224                HAL_RCC_ClockConfig
 .text.HAL_RCC_GetSysClockFreq
                0x00000000080033f8       0xa8 ./Drivers/STM32F1xx_HAL_Driver/Src/stm32f1xx_hal_rcc.o
                0x00000000080033f8                HAL_RCC_GetSysClockFreq
 .text.HAL_RCC_GetHCLKFreq
                0x00000000080034a0       0x14 ./Drivers/STM32F1xx_HAL_Driver/Src/stm32f1xx_hal_rcc.o
                0x00000000080034a0                HAL_RCC_GetHCLKFreq
 .text.HAL_RCC_GetPCLK1Freq
                0x00000000080034b4       0x28 ./Drivers/STM32F1xx_HAL_Driver/Src/stm32f1xx_hal_rcc.o
                0x00000000080034b4                HAL_RCC_GetPCLK1Freq
 .text.HAL_RCC_GetPCLK2Freq
                0x00000000080034dc       0x28 ./Drivers/STM32F1xx_HAL_Driver/Src/stm32f1xx_hal_rcc.o
                0x00000000080034dc                HAL_RCC_GetPCLK2Freq
 .text.RCC_Delay
                0x0000000008003504       0x3c ./Drivers/STM32F1xx_HAL_Driver/Src/stm32f1xx_hal_rcc.o
 .text.HAL_SPI_Init
                0x0000000008003540      0x108 ./Drivers/STM32F1xx_HAL_Driver/Src/stm32f1xx_hal_spi.o
                0x0000000008003540                HAL_SPI_Init
 .text.HAL_SPI_Transmit
                0x0000000008003648      0x288 ./Drivers/STM32F1xx_HAL_Driver/Src/stm32f1xx_hal_spi.o
                0x0000000008003648                HAL_SPI_Transmit
 .text.SPI_WaitFlagStateUntilTimeout
                0x00000000080038d0      0x110 ./Drivers/STM32F1xx_HAL_Driver/Src/stm32f1xx_hal_spi.o
 .text.SPI_EndRxTxTransaction
                0x00000000080039e0       0x62 ./Drivers/STM32F1xx_HAL_Driver/Src/stm32f1xx_hal_spi.o
 .text.HAL_TIM_Base_Init
                0x0000000008003a42       0x9e ./Drivers/STM32F1xx_HAL_Driver/Src/stm32f1xx_hal_tim.o
                0x0000000008003a42                HAL_TIM_Base_Init
 .text.HAL_TIM_Base_Start
                0x0000000008003ae0       0xb0 ./Drivers/STM32F1xx_HAL_Driver/Src/stm32f1xx_hal_tim.o
                0x0000000008003ae0                HAL_TIM_Base_Start
 .text.HAL_TIM_Base_Start_IT
                0x0000000008003b90       0xc0 ./Drivers/STM32F1xx_HAL_Driver/Src/stm32f1xx_hal_tim.o
                0x0000000008003b90                HAL_TIM_Base_Start_IT
 .text.HAL_TIM_IRQHandler
                0x0000000008003c50      0x1e0 ./Drivers/STM32F1xx_HAL_Driver/Src/stm32f1xx_hal_tim.o
                0x0000000008003c50                HAL_TIM_IRQHandler
 .text.HAL_TIM_ConfigClockSource
                0x0000000008003e30      0x18e ./Drivers/STM32F1xx_HAL_Driver/Src/stm32f1xx_hal_tim.o
                0x0000000008003e30                HAL_TIM_ConfigClockSource
 .text.HAL_TIM_OC_DelayElapsedCallback
                0x0000000008003fbe       0x12 ./Drivers/STM32F1xx_HAL_Driver/Src/stm32f1xx_hal_tim.o
                0x0000000008003fbe                HAL_TIM_OC_DelayElapsedCallback
 .text.HAL_TIM_IC_CaptureCallback
                0x0000000008003fd0       0x12 ./Drivers/STM32F1xx_HAL_Driver/Src/stm32f1xx_hal_tim.o
                0x0000000008003fd0                HAL_TIM_IC_CaptureCallback
 .text.HAL_TIM_PWM_PulseFinishedCallback
                0x0000000008003fe2       0x12 ./Drivers/STM32F1xx_HAL_Driver/Src/stm32f1xx_hal_tim.o
                0x0000000008003fe2                HAL_TIM_PWM_PulseFinishedCallback
 .text.HAL_TIM_TriggerCallback
                0x0000000008003ff4       0x12 ./Drivers/STM32F1xx_HAL_Driver/Src/stm32f1xx_hal_tim.o
                0x0000000008003ff4                HAL_TIM_TriggerCallback
 *fill*         0x0000000008004006        0x2 
 .text.TIM_Base_SetConfig
                0x0000000008004008      0x10c ./Drivers/STM32F1xx_HAL_Driver/Src/stm32f1xx_hal_tim.o
                0x0000000008004008                TIM_Base_SetConfig
 .text.TIM_TI1_ConfigInputStage
                0x0000000008004114       0x5c ./Drivers/STM32F1xx_HAL_Driver/Src/stm32f1xx_hal_tim.o
 .text.TIM_TI2_ConfigInputStage
                0x0000000008004170       0x5e ./Drivers/STM32F1xx_HAL_Driver/Src/stm32f1xx_hal_tim.o
 .text.TIM_ITRx_SetConfig
                0x00000000080041ce       0x34 ./Drivers/STM32F1xx_HAL_Driver/Src/stm32f1xx_hal_tim.o
 .text.TIM_ETR_SetConfig
                0x0000000008004202       0x3e ./Drivers/STM32F1xx_HAL_Driver/Src/stm32f1xx_hal_tim.o
                0x0000000008004202                TIM_ETR_SetConfig
 .text.HAL_TIMEx_MasterConfigSynchronization
                0x0000000008004240       0xd8 ./Drivers/STM32F1xx_HAL_Driver/Src/stm32f1xx_hal_tim_ex.o
                0x0000000008004240                HAL_TIMEx_MasterConfigSynchronization
 .text.HAL_TIMEx_CommutCallback
                0x0000000008004318       0x12 ./Drivers/STM32F1xx_HAL_Driver/Src/stm32f1xx_hal_tim_ex.o
                0x0000000008004318                HAL_TIMEx_CommutCallback
 .text.HAL_TIMEx_BreakCallback
                0x000000000800432a       0x12 ./Drivers/STM32F1xx_HAL_Driver/Src/stm32f1xx_hal_tim_ex.o
                0x000000000800432a                HAL_TIMEx_BreakCallback
 .text.HAL_UART_Init
                0x000000000800433c       0xa0 ./Drivers/STM32F1xx_HAL_Driver/Src/stm32f1xx_hal_uart.o
                0x000000000800433c                HAL_UART_Init
 .text.HAL_UART_Transmit
                0x00000000080043dc      0x116 ./Drivers/STM32F1xx_HAL_Driver/Src/stm32f1xx_hal_uart.o
                0x00000000080043dc                HAL_UART_Transmit
 .text.HAL_UART_Receive
                0x00000000080044f2      0x12e ./Drivers/STM32F1xx_HAL_Driver/Src/stm32f1xx_hal_uart.o
                0x00000000080044f2                HAL_UART_Receive
 .text.HAL_UART_Receive_IT
                0x0000000008004620       0x4a ./Drivers/STM32F1xx_HAL_Driver/Src/stm32f1xx_hal_uart.o
                0x0000000008004620                HAL_UART_Receive_IT
 *fill*         0x000000000800466a        0x2 
 .text.HAL_UART_IRQHandler
                0x000000000800466c      0x524 ./Drivers/STM32F1xx_HAL_Driver/Src/stm32f1xx_hal_uart.o
                0x000000000800466c                HAL_UART_IRQHandler
 .text.HAL_UART_TxCpltCallback
                0x0000000008004b90       0x12 ./Drivers/STM32F1xx_HAL_Driver/Src/stm32f1xx_hal_uart.o
                0x0000000008004b90                HAL_UART_TxCpltCallback
 .text.HAL_UART_ErrorCallback
                0x0000000008004ba2       0x12 ./Drivers/STM32F1xx_HAL_Driver/Src/stm32f1xx_hal_uart.o
                0x0000000008004ba2                HAL_UART_ErrorCallback
 .text.HAL_UARTEx_RxEventCallback
                0x0000000008004bb4       0x16 ./Drivers/STM32F1xx_HAL_Driver/Src/stm32f1xx_hal_uart.o
                0x0000000008004bb4                HAL_UARTEx_RxEventCallback
 .text.UART_WaitOnFlagUntilTimeout
                0x0000000008004bca       0xb2 ./Drivers/STM32F1xx_HAL_Driver/Src/stm32f1xx_hal_uart.o
 .text.UART_Start_Receive_IT
                0x0000000008004c7c       0x72 ./Drivers/STM32F1xx_HAL_Driver/Src/stm32f1xx_hal_uart.o
                0x0000000008004c7c                UART_Start_Receive_IT
 .text.UART_EndRxTransfer
                0x0000000008004cee       0xc4 ./Drivers/STM32F1xx_HAL_Driver/Src/stm32f1xx_hal_uart.o
 .text.UART_DMAAbortOnError
                0x0000000008004db2       0x28 ./Drivers/STM32F1xx_HAL_Driver/Src/stm32f1xx_hal_uart.o
 .text.UART_Transmit_IT
                0x0000000008004dda       0x9e ./Drivers/STM32F1xx_HAL_Driver/Src/stm32f1xx_hal_uart.o
 .text.UART_EndTransmit_IT
                0x0000000008004e78       0x30 ./Drivers/STM32F1xx_HAL_Driver/Src/stm32f1xx_hal_uart.o
 .text.UART_Receive_IT
                0x0000000008004ea8      0x17c ./Drivers/STM32F1xx_HAL_Driver/Src/stm32f1xx_hal_uart.o
 .text.UART_SetConfig
                0x0000000008005024      0x11c ./Drivers/STM32F1xx_HAL_Driver/Src/stm32f1xx_hal_uart.o
 .text.__libc_init_array
                0x0000000008005140       0x48 c:/st/stm32cubeide_1.8.0/stm32cubeide/plugins/com.st.stm32cube.ide.mcu.externaltools.gnu-tools-for-stm32.9-2020-q2-update.win32_2.0.0.202105311346/tools/bin/../lib/gcc/arm-none-eabi/9.3.1/../../../../arm-none-eabi/lib/thumb/v7-m/nofp\libc_nano.a(lib_a-init.o)
                0x0000000008005140                __libc_init_array
 .text.memset   0x0000000008005188       0x10 c:/st/stm32cubeide_1.8.0/stm32cubeide/plugins/com.st.stm32cube.ide.mcu.externaltools.gnu-tools-for-stm32.9-2020-q2-update.win32_2.0.0.202105311346/tools/bin/../lib/gcc/arm-none-eabi/9.3.1/../../../../arm-none-eabi/lib/thumb/v7-m/nofp\libc_nano.a(lib_a-memset.o)
                0x0000000008005188                memset
 *(.glue_7)
 .glue_7        0x0000000008005198        0x0 linker stubs
 *(.glue_7t)
 .glue_7t       0x0000000008005198        0x0 linker stubs
 *(.eh_frame)
 .eh_frame      0x0000000008005198        0x0 c:/st/stm32cubeide_1.8.0/stm32cubeide/plugins/com.st.stm32cube.ide.mcu.externaltools.gnu-tools-for-stm32.9-2020-q2-update.win32_2.0.0.202105311346/tools/bin/../lib/gcc/arm-none-eabi/9.3.1/thumb/v7-m/nofp/crtbegin.o
 *(.init)
 .init          0x0000000008005198        0x4 c:/st/stm32cubeide_1.8.0/stm32cubeide/plugins/com.st.stm32cube.ide.mcu.externaltools.gnu-tools-for-stm32.9-2020-q2-update.win32_2.0.0.202105311346/tools/bin/../lib/gcc/arm-none-eabi/9.3.1/thumb/v7-m/nofp/crti.o
                0x0000000008005198                _init
 .init          0x000000000800519c        0x8 c:/st/stm32cubeide_1.8.0/stm32cubeide/plugins/com.st.stm32cube.ide.mcu.externaltools.gnu-tools-for-stm32.9-2020-q2-update.win32_2.0.0.202105311346/tools/bin/../lib/gcc/arm-none-eabi/9.3.1/thumb/v7-m/nofp/crtn.o
 *(.fini)
 .fini          0x00000000080051a4        0x4 c:/st/stm32cubeide_1.8.0/stm32cubeide/plugins/com.st.stm32cube.ide.mcu.externaltools.gnu-tools-for-stm32.9-2020-q2-update.win32_2.0.0.202105311346/tools/bin/../lib/gcc/arm-none-eabi/9.3.1/thumb/v7-m/nofp/crti.o
                0x00000000080051a4                _fini
 .fini          0x00000000080051a8        0x8 c:/st/stm32cubeide_1.8.0/stm32cubeide/plugins/com.st.stm32cube.ide.mcu.externaltools.gnu-tools-for-stm32.9-2020-q2-update.win32_2.0.0.202105311346/tools/bin/../lib/gcc/arm-none-eabi/9.3.1/thumb/v7-m/nofp/crtn.o
                0x00000000080051b0                . = ALIGN (0x4)
                0x00000000080051b0                _etext = .

.vfp11_veneer   0x00000000080051b0        0x0
 .vfp11_veneer  0x00000000080051b0        0x0 linker stubs

.v4_bx          0x00000000080051b0        0x0
 .v4_bx         0x00000000080051b0        0x0 linker stubs

.iplt           0x00000000080051b0        0x0
 .iplt          0x00000000080051b0        0x0 c:/st/stm32cubeide_1.8.0/stm32cubeide/plugins/com.st.stm32cube.ide.mcu.externaltools.gnu-tools-for-stm32.9-2020-q2-update.win32_2.0.0.202105311346/tools/bin/../lib/gcc/arm-none-eabi/9.3.1/thumb/v7-m/nofp/crtbegin.o

.rodata         0x00000000080051b0       0x34
                0x00000000080051b0                . = ALIGN (0x4)
 *(.rodata)
 .rodata        0x00000000080051b0        0x5 ./Core/Src/main.o
 *(.rodata*)
 *fill*         0x00000000080051b5        0x3 
 .rodata.AHBPrescTable
                0x00000000080051b8       0x10 ./Core/Src/system_stm32f1xx.o
                0x00000000080051b8                AHBPrescTable
 .rodata.APBPrescTable
                0x00000000080051c8        0x8 ./Core/Src/system_stm32f1xx.o
                0x00000000080051c8                APBPrescTable
 .rodata.aPLLMULFactorTable.6441
                0x00000000080051d0       0x10 ./Drivers/STM32F1xx_HAL_Driver/Src/stm32f1xx_hal_rcc.o
 .rodata.aPredivFactorTable.6442
                0x00000000080051e0        0x2 ./Drivers/STM32F1xx_HAL_Driver/Src/stm32f1xx_hal_rcc.o
                0x00000000080051e4                . = ALIGN (0x4)
 *fill*         0x00000000080051e2        0x2 

.rel.dyn        0x00000000080051e4        0x0
 .rel.iplt      0x00000000080051e4        0x0 c:/st/stm32cubeide_1.8.0/stm32cubeide/plugins/com.st.stm32cube.ide.mcu.externaltools.gnu-tools-for-stm32.9-2020-q2-update.win32_2.0.0.202105311346/tools/bin/../lib/gcc/arm-none-eabi/9.3.1/thumb/v7-m/nofp/crtbegin.o

.ARM.extab      0x00000000080051e4        0x0
                0x00000000080051e4                . = ALIGN (0x4)
 *(.ARM.extab* .gnu.linkonce.armextab.*)
                0x00000000080051e4                . = ALIGN (0x4)

.ARM            0x00000000080051e4        0x0
                0x00000000080051e4                . = ALIGN (0x4)
                0x00000000080051e4                __exidx_start = .
 *(.ARM.exidx*)
                0x00000000080051e4                __exidx_end = .
                0x00000000080051e4                . = ALIGN (0x4)

.preinit_array  0x00000000080051e4        0x0
                0x00000000080051e4                . = ALIGN (0x4)
                0x00000000080051e4                PROVIDE (__preinit_array_start = .)
 *(.preinit_array*)
                0x00000000080051e4                PROVIDE (__preinit_array_end = .)
                0x00000000080051e4                . = ALIGN (0x4)

.init_array     0x00000000080051e4        0x4
                0x00000000080051e4                . = ALIGN (0x4)
                0x00000000080051e4                PROVIDE (__init_array_start = .)
 *(SORT_BY_NAME(.init_array.*))
 *(.init_array*)
 .init_array    0x00000000080051e4        0x4 c:/st/stm32cubeide_1.8.0/stm32cubeide/plugins/com.st.stm32cube.ide.mcu.externaltools.gnu-tools-for-stm32.9-2020-q2-update.win32_2.0.0.202105311346/tools/bin/../lib/gcc/arm-none-eabi/9.3.1/thumb/v7-m/nofp/crtbegin.o
                0x00000000080051e8                PROVIDE (__init_array_end = .)
                0x00000000080051e8                . = ALIGN (0x4)

.fini_array     0x00000000080051e8        0x4
                0x00000000080051e8                . = ALIGN (0x4)
                [!provide]                        PROVIDE (__fini_array_start = .)
 *(SORT_BY_NAME(.fini_array.*))
 *(.fini_array*)
 .fini_array    0x00000000080051e8        0x4 c:/st/stm32cubeide_1.8.0/stm32cubeide/plugins/com.st.stm32cube.ide.mcu.externaltools.gnu-tools-for-stm32.9-2020-q2-update.win32_2.0.0.202105311346/tools/bin/../lib/gcc/arm-none-eabi/9.3.1/thumb/v7-m/nofp/crtbegin.o
                [!provide]                        PROVIDE (__fini_array_end = .)
                0x00000000080051ec                . = ALIGN (0x4)
                0x00000000080051ec                _sidata = LOADADDR (.data)

.data           0x0000000020000000        0xc load address 0x00000000080051ec
                0x0000000020000000                . = ALIGN (0x4)
                0x0000000020000000                _sdata = .
 *(.data)
 *(.data*)
 .data.SystemCoreClock
                0x0000000020000000        0x4 ./Core/Src/system_stm32f1xx.o
                0x0000000020000000                SystemCoreClock
 .data.uwTickPrio
                0x0000000020000004        0x4 ./Drivers/STM32F1xx_HAL_Driver/Src/stm32f1xx_hal.o
                0x0000000020000004                uwTickPrio
 .data.uwTickFreq
                0x0000000020000008        0x1 ./Drivers/STM32F1xx_HAL_Driver/Src/stm32f1xx_hal.o
                0x0000000020000008                uwTickFreq
 *(.RamFunc)
 *(.RamFunc*)
                0x000000002000000c                . = ALIGN (0x4)
 *fill*         0x0000000020000009        0x3 
                0x000000002000000c                _edata = .

.igot.plt       0x000000002000000c        0x0 load address 0x00000000080051f8
 .igot.plt      0x000000002000000c        0x0 c:/st/stm32cubeide_1.8.0/stm32cubeide/plugins/com.st.stm32cube.ide.mcu.externaltools.gnu-tools-for-stm32.9-2020-q2-update.win32_2.0.0.202105311346/tools/bin/../lib/gcc/arm-none-eabi/9.3.1/thumb/v7-m/nofp/crtbegin.o
                0x000000002000000c                . = ALIGN (0x4)

.bss            0x000000002000000c      0x31c load address 0x00000000080051f8
                0x000000002000000c                _sbss = .
                0x000000002000000c                __bss_start__ = _sbss
 *(.bss)
 .bss           0x000000002000000c       0x1c c:/st/stm32cubeide_1.8.0/stm32cubeide/plugins/com.st.stm32cube.ide.mcu.externaltools.gnu-tools-for-stm32.9-2020-q2-update.win32_2.0.0.202105311346/tools/bin/../lib/gcc/arm-none-eabi/9.3.1/thumb/v7-m/nofp/crtbegin.o
 *(.bss*)
 .bss.state.6666
                0x0000000020000028        0x1 ./Core/Src/main.o
 .bss.chksum.6667
                0x0000000020000029        0x1 ./Core/Src/main.o
 .bss.X1.6668   0x000000002000002a        0x1 ./Core/Src/main.o
 .bss.X2.6669   0x000000002000002b        0x1 ./Core/Src/main.o
 .bss.X3.6670   0x000000002000002c        0x1 ./Core/Src/main.o
 .bss.Y1.6671   0x000000002000002d        0x1 ./Core/Src/main.o
 .bss.Y2.6672   0x000000002000002e        0x1 ./Core/Src/main.o
 .bss.Y3.6673   0x000000002000002f        0x1 ./Core/Src/main.o
 .bss.Z1.6674   0x0000000020000030        0x1 ./Core/Src/main.o
 .bss.Z2.6675   0x0000000020000031        0x1 ./Core/Src/main.o
 .bss.Z3.6676   0x0000000020000032        0x1 ./Core/Src/main.o
 *fill*         0x0000000020000033        0x1 
 .bss.bitOld.6708
                0x0000000020000034        0x4 ./Core/Src/main.o
 *(COMMON)
 COMMON         0x0000000020000038       0x8d ./Core/Src/SimpleModbusSlave.o
                0x0000000020000038                T3_5
                0x000000002000003a                function
                0x000000002000003c                errorCount
                0x000000002000003e                broadcastFlag
                0x000000002000003f                TxEnablePin
                0x0000000020000040                frame
                0x00000000200000c0                holdingRegsSize
                0x00000000200000c2                T1_5
                0x00000000200000c4                slaveID
 *fill*         0x00000000200000c5        0x3 
 COMMON         0x00000000200000c8      0x25a ./Core/Src/main.o
                0x00000000200000c8                htim4
                0x0000000020000110                huart3
                0x0000000020000158                cnt
                0x000000002000015c                hspi3
                0x00000000200001b4                Denta_Ang
                0x00000000200001b8                cmd_flag
                0x00000000200001bc                huart1
                0x0000000020000204                us_data
                0x0000000020000205                csm
                0x0000000020000208                Poss_target
                0x000000002000020c                Ang_old
                0x0000000020000210                f1
                0x0000000020000214                IO_MemoryMap_Data
                0x00000000200002d4                htim7
                0x000000002000031c                Ang_curr
                0x0000000020000320                IMU_RxData
                0x0000000020000321                cmd
 *fill*         0x0000000020000322        0x2 
 COMMON         0x0000000020000324        0x4 ./Drivers/STM32F1xx_HAL_Driver/Src/stm32f1xx_hal.o
                0x0000000020000324                uwTick
                0x0000000020000328                . = ALIGN (0x4)
                0x0000000020000328                _ebss = .
                0x0000000020000328                __bss_end__ = _ebss

._user_heap_stack
                0x0000000020000328      0x600 load address 0x00000000080051f8
                0x0000000020000328                . = ALIGN (0x8)
                [!provide]                        PROVIDE (end = .)
                0x0000000020000328                PROVIDE (_end = .)
                0x0000000020000528                . = (. + _Min_Heap_Size)
 *fill*         0x0000000020000328      0x200 
                0x0000000020000928                . = (. + _Min_Stack_Size)
 *fill*         0x0000000020000528      0x400 
                0x0000000020000928                . = ALIGN (0x8)

/DISCARD/
 libc.a(*)
 libm.a(*)
 libgcc.a(*)

.ARM.attributes
                0x0000000000000000       0x29
 *(.ARM.attributes)
 .ARM.attributes
                0x0000000000000000       0x1d c:/st/stm32cubeide_1.8.0/stm32cubeide/plugins/com.st.stm32cube.ide.mcu.externaltools.gnu-tools-for-stm32.9-2020-q2-update.win32_2.0.0.202105311346/tools/bin/../lib/gcc/arm-none-eabi/9.3.1/thumb/v7-m/nofp/crti.o
 .ARM.attributes
                0x000000000000001d       0x2d c:/st/stm32cubeide_1.8.0/stm32cubeide/plugins/com.st.stm32cube.ide.mcu.externaltools.gnu-tools-for-stm32.9-2020-q2-update.win32_2.0.0.202105311346/tools/bin/../lib/gcc/arm-none-eabi/9.3.1/thumb/v7-m/nofp/crtbegin.o
 .ARM.attributes
                0x000000000000004a       0x2d ./Core/Src/SimpleModbusSlave.o
 .ARM.attributes
                0x0000000000000077       0x2d ./Core/Src/main.o
 .ARM.attributes
                0x00000000000000a4       0x2d ./Core/Src/stm32f1xx_hal_msp.o
 .ARM.attributes
                0x00000000000000d1       0x2d ./Core/Src/stm32f1xx_it.o
 .ARM.attributes
                0x00000000000000fe       0x2d ./Core/Src/system_stm32f1xx.o
 .ARM.attributes
                0x000000000000012b       0x21 ./Core/Startup/startup_stm32f103rctx.o
 .ARM.attributes
                0x000000000000014c       0x2d ./Drivers/STM32F1xx_HAL_Driver/Src/stm32f1xx_hal.o
 .ARM.attributes
                0x0000000000000179       0x2d ./Drivers/STM32F1xx_HAL_Driver/Src/stm32f1xx_hal_cortex.o
 .ARM.attributes
                0x00000000000001a6       0x2d ./Drivers/STM32F1xx_HAL_Driver/Src/stm32f1xx_hal_dma.o
 .ARM.attributes
                0x00000000000001d3       0x2d ./Drivers/STM32F1xx_HAL_Driver/Src/stm32f1xx_hal_gpio.o
 .ARM.attributes
                0x0000000000000200       0x2d ./Drivers/STM32F1xx_HAL_Driver/Src/stm32f1xx_hal_rcc.o
 .ARM.attributes
                0x000000000000022d       0x2d ./Drivers/STM32F1xx_HAL_Driver/Src/stm32f1xx_hal_spi.o
 .ARM.attributes
                0x000000000000025a       0x2d ./Drivers/STM32F1xx_HAL_Driver/Src/stm32f1xx_hal_tim.o
 .ARM.attributes
                0x0000000000000287       0x2d ./Drivers/STM32F1xx_HAL_Driver/Src/stm32f1xx_hal_tim_ex.o
 .ARM.attributes
                0x00000000000002b4       0x2d ./Drivers/STM32F1xx_HAL_Driver/Src/stm32f1xx_hal_uart.o
 .ARM.attributes
                0x00000000000002e1       0x2d c:/st/stm32cubeide_1.8.0/stm32cubeide/plugins/com.st.stm32cube.ide.mcu.externaltools.gnu-tools-for-stm32.9-2020-q2-update.win32_2.0.0.202105311346/tools/bin/../lib/gcc/arm-none-eabi/9.3.1/../../../../arm-none-eabi/lib/thumb/v7-m/nofp\libc_nano.a(lib_a-init.o)
 .ARM.attributes
                0x000000000000030e       0x2d c:/st/stm32cubeide_1.8.0/stm32cubeide/plugins/com.st.stm32cube.ide.mcu.externaltools.gnu-tools-for-stm32.9-2020-q2-update.win32_2.0.0.202105311346/tools/bin/../lib/gcc/arm-none-eabi/9.3.1/../../../../arm-none-eabi/lib/thumb/v7-m/nofp\libc_nano.a(lib_a-memset.o)
 .ARM.attributes
                0x000000000000033b       0x1d c:/st/stm32cubeide_1.8.0/stm32cubeide/plugins/com.st.stm32cube.ide.mcu.externaltools.gnu-tools-for-stm32.9-2020-q2-update.win32_2.0.0.202105311346/tools/bin/../lib/gcc/arm-none-eabi/9.3.1/thumb/v7-m/nofp\libgcc.a(_arm_addsubdf3.o)
 .ARM.attributes
                0x0000000000000358       0x1d c:/st/stm32cubeide_1.8.0/stm32cubeide/plugins/com.st.stm32cube.ide.mcu.externaltools.gnu-tools-for-stm32.9-2020-q2-update.win32_2.0.0.202105311346/tools/bin/../lib/gcc/arm-none-eabi/9.3.1/thumb/v7-m/nofp\libgcc.a(_arm_muldivdf3.o)
 .ARM.attributes
                0x0000000000000375       0x1d c:/st/stm32cubeide_1.8.0/stm32cubeide/plugins/com.st.stm32cube.ide.mcu.externaltools.gnu-tools-for-stm32.9-2020-q2-update.win32_2.0.0.202105311346/tools/bin/../lib/gcc/arm-none-eabi/9.3.1/thumb/v7-m/nofp\libgcc.a(_arm_fixdfsi.o)
 .ARM.attributes
                0x0000000000000392       0x1d c:/st/stm32cubeide_1.8.0/stm32cubeide/plugins/com.st.stm32cube.ide.mcu.externaltools.gnu-tools-for-stm32.9-2020-q2-update.win32_2.0.0.202105311346/tools/bin/../lib/gcc/arm-none-eabi/9.3.1/thumb/v7-m/nofp\libgcc.a(_arm_addsubsf3.o)
 .ARM.attributes
                0x00000000000003af       0x1d c:/st/stm32cubeide_1.8.0/stm32cubeide/plugins/com.st.stm32cube.ide.mcu.externaltools.gnu-tools-for-stm32.9-2020-q2-update.win32_2.0.0.202105311346/tools/bin/../lib/gcc/arm-none-eabi/9.3.1/thumb/v7-m/nofp\libgcc.a(_arm_cmpsf2.o)
 .ARM.attributes
                0x00000000000003cc       0x1d c:/st/stm32cubeide_1.8.0/stm32cubeide/plugins/com.st.stm32cube.ide.mcu.externaltools.gnu-tools-for-stm32.9-2020-q2-update.win32_2.0.0.202105311346/tools/bin/../lib/gcc/arm-none-eabi/9.3.1/thumb/v7-m/nofp/crtn.o
OUTPUT(Firmware_v1.elf elf32-littlearm)
LOAD linker stubs
LOAD c:/st/stm32cubeide_1.8.0/stm32cubeide/plugins/com.st.stm32cube.ide.mcu.externaltools.gnu-tools-for-stm32.9-2020-q2-update.win32_2.0.0.202105311346/tools/bin/../lib/gcc/arm-none-eabi/9.3.1/../../../../arm-none-eabi/lib/thumb/v7-m/nofp\libc.a
LOAD c:/st/stm32cubeide_1.8.0/stm32cubeide/plugins/com.st.stm32cube.ide.mcu.externaltools.gnu-tools-for-stm32.9-2020-q2-update.win32_2.0.0.202105311346/tools/bin/../lib/gcc/arm-none-eabi/9.3.1/../../../../arm-none-eabi/lib/thumb/v7-m/nofp\libm.a
LOAD c:/st/stm32cubeide_1.8.0/stm32cubeide/plugins/com.st.stm32cube.ide.mcu.externaltools.gnu-tools-for-stm32.9-2020-q2-update.win32_2.0.0.202105311346/tools/bin/../lib/gcc/arm-none-eabi/9.3.1/thumb/v7-m/nofp\libgcc.a

.debug_info     0x0000000000000000     0xff95
 .debug_info    0x0000000000000000      0xd2b ./Core/Src/SimpleModbusSlave.o
 .debug_info    0x0000000000000d2b     0x1eab ./Core/Src/main.o
 .debug_info    0x0000000000002bd6     0x11ef ./Core/Src/stm32f1xx_hal_msp.o
 .debug_info    0x0000000000003dc5      0xa69 ./Core/Src/stm32f1xx_it.o
 .debug_info    0x000000000000482e      0x2be ./Core/Src/system_stm32f1xx.o
 .debug_info    0x0000000000004aec       0x22 ./Core/Startup/startup_stm32f103rctx.o
 .debug_info    0x0000000000004b0e      0x7d0 ./Drivers/STM32F1xx_HAL_Driver/Src/stm32f1xx_hal.o
 .debug_info    0x00000000000052de      0xc42 ./Drivers/STM32F1xx_HAL_Driver/Src/stm32f1xx_hal_cortex.o
 .debug_info    0x0000000000005f20      0x823 ./Drivers/STM32F1xx_HAL_Driver/Src/stm32f1xx_hal_dma.o
 .debug_info    0x0000000000006743      0x701 ./Drivers/STM32F1xx_HAL_Driver/Src/stm32f1xx_hal_gpio.o
 .debug_info    0x0000000000006e44      0x893 ./Drivers/STM32F1xx_HAL_Driver/Src/stm32f1xx_hal_rcc.o
 .debug_info    0x00000000000076d7     0x15de ./Drivers/STM32F1xx_HAL_Driver/Src/stm32f1xx_hal_spi.o
 .debug_info    0x0000000000008cb5     0x2c32 ./Drivers/STM32F1xx_HAL_Driver/Src/stm32f1xx_hal_tim.o
 .debug_info    0x000000000000b8e7     0x157f ./Drivers/STM32F1xx_HAL_Driver/Src/stm32f1xx_hal_tim_ex.o
 .debug_info    0x000000000000ce66     0x312f ./Drivers/STM32F1xx_HAL_Driver/Src/stm32f1xx_hal_uart.o

.debug_abbrev   0x0000000000000000     0x1f50
 .debug_abbrev  0x0000000000000000      0x216 ./Core/Src/SimpleModbusSlave.o
 .debug_abbrev  0x0000000000000216      0x2cd ./Core/Src/main.o
 .debug_abbrev  0x00000000000004e3      0x206 ./Core/Src/stm32f1xx_hal_msp.o
 .debug_abbrev  0x00000000000006e9      0x176 ./Core/Src/stm32f1xx_it.o
 .debug_abbrev  0x000000000000085f      0x14e ./Core/Src/system_stm32f1xx.o
 .debug_abbrev  0x00000000000009ad       0x12 ./Core/Startup/startup_stm32f103rctx.o
 .debug_abbrev  0x00000000000009bf      0x1ed ./Drivers/STM32F1xx_HAL_Driver/Src/stm32f1xx_hal.o
 .debug_abbrev  0x0000000000000bac      0x313 ./Drivers/STM32F1xx_HAL_Driver/Src/stm32f1xx_hal_cortex.o
 .debug_abbrev  0x0000000000000ebf      0x228 ./Drivers/STM32F1xx_HAL_Driver/Src/stm32f1xx_hal_dma.o
 .debug_abbrev  0x00000000000010e7      0x1e8 ./Drivers/STM32F1xx_HAL_Driver/Src/stm32f1xx_hal_gpio.o
 .debug_abbrev  0x00000000000012cf      0x273 ./Drivers/STM32F1xx_HAL_Driver/Src/stm32f1xx_hal_rcc.o
 .debug_abbrev  0x0000000000001542      0x25f ./Drivers/STM32F1xx_HAL_Driver/Src/stm32f1xx_hal_spi.o
 .debug_abbrev  0x00000000000017a1      0x25e ./Drivers/STM32F1xx_HAL_Driver/Src/stm32f1xx_hal_tim.o
 .debug_abbrev  0x00000000000019ff      0x266 ./Drivers/STM32F1xx_HAL_Driver/Src/stm32f1xx_hal_tim_ex.o
 .debug_abbrev  0x0000000000001c65      0x2eb ./Drivers/STM32F1xx_HAL_Driver/Src/stm32f1xx_hal_uart.o

.debug_aranges  0x0000000000000000      0xe68
 .debug_aranges
                0x0000000000000000       0x50 ./Core/Src/SimpleModbusSlave.o
 .debug_aranges
                0x0000000000000050       0xa8 ./Core/Src/main.o
 .debug_aranges
                0x00000000000000f8       0x50 ./Core/Src/stm32f1xx_hal_msp.o
 .debug_aranges
                0x0000000000000148       0x78 ./Core/Src/stm32f1xx_it.o
 .debug_aranges
                0x00000000000001c0       0x28 ./Core/Src/system_stm32f1xx.o
 .debug_aranges
                0x00000000000001e8       0x28 ./Core/Startup/startup_stm32f103rctx.o
 .debug_aranges
                0x0000000000000210       0xe0 ./Drivers/STM32F1xx_HAL_Driver/Src/stm32f1xx_hal.o
 .debug_aranges
                0x00000000000002f0      0x100 ./Drivers/STM32F1xx_HAL_Driver/Src/stm32f1xx_hal_cortex.o
 .debug_aranges
                0x00000000000003f0       0x80 ./Drivers/STM32F1xx_HAL_Driver/Src/stm32f1xx_hal_dma.o
 .debug_aranges
                0x0000000000000470       0x58 ./Drivers/STM32F1xx_HAL_Driver/Src/stm32f1xx_hal_gpio.o
 .debug_aranges
                0x00000000000004c8       0x90 ./Drivers/STM32F1xx_HAL_Driver/Src/stm32f1xx_hal_rcc.o
 .debug_aranges
                0x0000000000000558      0x1d0 ./Drivers/STM32F1xx_HAL_Driver/Src/stm32f1xx_hal_spi.o
 .debug_aranges
                0x0000000000000728      0x3d0 ./Drivers/STM32F1xx_HAL_Driver/Src/stm32f1xx_hal_tim.o
 .debug_aranges
                0x0000000000000af8      0x168 ./Drivers/STM32F1xx_HAL_Driver/Src/stm32f1xx_hal_tim_ex.o
 .debug_aranges
                0x0000000000000c60      0x208 ./Drivers/STM32F1xx_HAL_Driver/Src/stm32f1xx_hal_uart.o

.debug_ranges   0x0000000000000000      0xdb0
 .debug_ranges  0x0000000000000000       0x40 ./Core/Src/SimpleModbusSlave.o
 .debug_ranges  0x0000000000000040       0x98 ./Core/Src/main.o
 .debug_ranges  0x00000000000000d8       0x40 ./Core/Src/stm32f1xx_hal_msp.o
 .debug_ranges  0x0000000000000118       0x68 ./Core/Src/stm32f1xx_it.o
 .debug_ranges  0x0000000000000180       0x18 ./Core/Src/system_stm32f1xx.o
 .debug_ranges  0x0000000000000198       0x20 ./Core/Startup/startup_stm32f103rctx.o
 .debug_ranges  0x00000000000001b8       0xd0 ./Drivers/STM32F1xx_HAL_Driver/Src/stm32f1xx_hal.o
 .debug_ranges  0x0000000000000288       0xf0 ./Drivers/STM32F1xx_HAL_Driver/Src/stm32f1xx_hal_cortex.o
 .debug_ranges  0x0000000000000378       0x70 ./Drivers/STM32F1xx_HAL_Driver/Src/stm32f1xx_hal_dma.o
 .debug_ranges  0x00000000000003e8       0x48 ./Drivers/STM32F1xx_HAL_Driver/Src/stm32f1xx_hal_gpio.o
 .debug_ranges  0x0000000000000430       0x80 ./Drivers/STM32F1xx_HAL_Driver/Src/stm32f1xx_hal_rcc.o
 .debug_ranges  0x00000000000004b0      0x1c0 ./Drivers/STM32F1xx_HAL_Driver/Src/stm32f1xx_hal_spi.o
 .debug_ranges  0x0000000000000670      0x3c0 ./Drivers/STM32F1xx_HAL_Driver/Src/stm32f1xx_hal_tim.o
 .debug_ranges  0x0000000000000a30      0x158 ./Drivers/STM32F1xx_HAL_Driver/Src/stm32f1xx_hal_tim_ex.o
 .debug_ranges  0x0000000000000b88      0x228 ./Drivers/STM32F1xx_HAL_Driver/Src/stm32f1xx_hal_uart.o

.debug_macro    0x0000000000000000    0x19330
 .debug_macro   0x0000000000000000      0x1d9 ./Core/Src/SimpleModbusSlave.o
 .debug_macro   0x00000000000001d9      0xa9c ./Core/Src/SimpleModbusSlave.o
 .debug_macro   0x0000000000000c75      0x221 ./Core/Src/SimpleModbusSlave.o
 .debug_macro   0x0000000000000e96       0x2e ./Core/Src/SimpleModbusSlave.o
 .debug_macro   0x0000000000000ec4       0x22 ./Core/Src/SimpleModbusSlave.o
 .debug_macro   0x0000000000000ee6       0x22 ./Core/Src/SimpleModbusSlave.o
 .debug_macro   0x0000000000000f08       0x8e ./Core/Src/SimpleModbusSlave.o
 .debug_macro   0x0000000000000f96       0x51 ./Core/Src/SimpleModbusSlave.o
 .debug_macro   0x0000000000000fe7      0x103 ./Core/Src/SimpleModbusSlave.o
 .debug_macro   0x00000000000010ea       0x6a ./Core/Src/SimpleModbusSlave.o
 .debug_macro   0x0000000000001154      0x1df ./Core/Src/SimpleModbusSlave.o
 .debug_macro   0x0000000000001333       0x1c ./Core/Src/SimpleModbusSlave.o
 .debug_macro   0x000000000000134f       0x22 ./Core/Src/SimpleModbusSlave.o
 .debug_macro   0x0000000000001371       0xc3 ./Core/Src/SimpleModbusSlave.o
 .debug_macro   0x0000000000001434      0xd23 ./Core/Src/SimpleModbusSlave.o
 .debug_macro   0x0000000000002157     0xfd8c ./Core/Src/SimpleModbusSlave.o
 .debug_macro   0x0000000000011ee3       0x6d ./Core/Src/SimpleModbusSlave.o
 .debug_macro   0x0000000000011f50     0x34a2 ./Core/Src/SimpleModbusSlave.o
 .debug_macro   0x00000000000153f2      0x174 ./Core/Src/SimpleModbusSlave.o
 .debug_macro   0x0000000000015566       0x5c ./Core/Src/SimpleModbusSlave.o
 .debug_macro   0x00000000000155c2      0x5bc ./Core/Src/SimpleModbusSlave.o
 .debug_macro   0x0000000000015b7e      0x4d5 ./Core/Src/SimpleModbusSlave.o
 .debug_macro   0x0000000000016053      0x1cb ./Core/Src/SimpleModbusSlave.o
 .debug_macro   0x000000000001621e      0x114 ./Core/Src/SimpleModbusSlave.o
 .debug_macro   0x0000000000016332      0x1ea ./Core/Src/SimpleModbusSlave.o
 .debug_macro   0x000000000001651c       0x27 ./Core/Src/SimpleModbusSlave.o
 .debug_macro   0x0000000000016543      0x144 ./Core/Src/SimpleModbusSlave.o
 .debug_macro   0x0000000000016687      0x1bc ./Core/Src/SimpleModbusSlave.o
 .debug_macro   0x0000000000016843       0x30 ./Core/Src/SimpleModbusSlave.o
 .debug_macro   0x0000000000016873       0x3c ./Core/Src/SimpleModbusSlave.o
 .debug_macro   0x00000000000168af       0x57 ./Core/Src/SimpleModbusSlave.o
 .debug_macro   0x0000000000016906       0x87 ./Core/Src/SimpleModbusSlave.o
 .debug_macro   0x000000000001698d      0x24f ./Core/Src/SimpleModbusSlave.o
 .debug_macro   0x0000000000016bdc      0x140 ./Core/Src/SimpleModbusSlave.o
 .debug_macro   0x0000000000016d1c      0x217 ./Core/Src/SimpleModbusSlave.o
 .debug_macro   0x0000000000016f33      0x8ed ./Core/Src/SimpleModbusSlave.o
 .debug_macro   0x0000000000017820      0x28e ./Core/Src/SimpleModbusSlave.o
 .debug_macro   0x0000000000017aae       0xb5 ./Core/Src/SimpleModbusSlave.o
 .debug_macro   0x0000000000017b63       0x22 ./Core/Src/SimpleModbusSlave.o
 .debug_macro   0x0000000000017b85       0xa6 ./Core/Src/SimpleModbusSlave.o
 .debug_macro   0x0000000000017c2b      0x1e8 ./Core/Src/main.o
 .debug_macro   0x0000000000017e13      0x1d3 ./Core/Src/stm32f1xx_hal_msp.o
 .debug_macro   0x0000000000017fe6      0x1dd ./Core/Src/stm32f1xx_it.o
 .debug_macro   0x00000000000181c3      0x1ad ./Core/Src/system_stm32f1xx.o
 .debug_macro   0x0000000000018370      0x1d1 ./Drivers/STM32F1xx_HAL_Driver/Src/stm32f1xx_hal.o
 .debug_macro   0x0000000000018541      0x1ad ./Drivers/STM32F1xx_HAL_Driver/Src/stm32f1xx_hal_cortex.o
 .debug_macro   0x00000000000186ee      0x1ad ./Drivers/STM32F1xx_HAL_Driver/Src/stm32f1xx_hal_dma.o
 .debug_macro   0x000000000001889b      0x218 ./Drivers/STM32F1xx_HAL_Driver/Src/stm32f1xx_hal_gpio.o
 .debug_macro   0x0000000000018ab3      0x1bf ./Drivers/STM32F1xx_HAL_Driver/Src/stm32f1xx_hal_rcc.o
 .debug_macro   0x0000000000018c72      0x1b5 ./Drivers/STM32F1xx_HAL_Driver/Src/stm32f1xx_hal_spi.o
 .debug_macro   0x0000000000018e27      0x1ae ./Drivers/STM32F1xx_HAL_Driver/Src/stm32f1xx_hal_tim.o
 .debug_macro   0x0000000000018fd5      0x1ad ./Drivers/STM32F1xx_HAL_Driver/Src/stm32f1xx_hal_tim_ex.o
 .debug_macro   0x0000000000019182      0x1ae ./Drivers/STM32F1xx_HAL_Driver/Src/stm32f1xx_hal_uart.o

.debug_line     0x0000000000000000     0xff7d
 .debug_line    0x0000000000000000      0xa6b ./Core/Src/SimpleModbusSlave.o
 .debug_line    0x0000000000000a6b      0xc91 ./Core/Src/main.o
 .debug_line    0x00000000000016fc      0x7ef ./Core/Src/stm32f1xx_hal_msp.o
 .debug_line    0x0000000000001eeb      0x7c2 ./Core/Src/stm32f1xx_it.o
 .debug_line    0x00000000000026ad      0x712 ./Core/Src/system_stm32f1xx.o
 .debug_line    0x0000000000002dbf       0x87 ./Core/Startup/startup_stm32f103rctx.o
 .debug_line    0x0000000000002e46      0x93f ./Drivers/STM32F1xx_HAL_Driver/Src/stm32f1xx_hal.o
 .debug_line    0x0000000000003785      0xb27 ./Drivers/STM32F1xx_HAL_Driver/Src/stm32f1xx_hal_cortex.o
 .debug_line    0x00000000000042ac     0x126a ./Drivers/STM32F1xx_HAL_Driver/Src/stm32f1xx_hal_dma.o
 .debug_line    0x0000000000005516      0xa00 ./Drivers/STM32F1xx_HAL_Driver/Src/stm32f1xx_hal_gpio.o
 .debug_line    0x0000000000005f16      0xd4b ./Drivers/STM32F1xx_HAL_Driver/Src/stm32f1xx_hal_rcc.o
 .debug_line    0x0000000000006c61     0x1c32 ./Drivers/STM32F1xx_HAL_Driver/Src/stm32f1xx_hal_spi.o
 .debug_line    0x0000000000008893     0x35f9 ./Drivers/STM32F1xx_HAL_Driver/Src/stm32f1xx_hal_tim.o
 .debug_line    0x000000000000be8c     0x18eb ./Drivers/STM32F1xx_HAL_Driver/Src/stm32f1xx_hal_tim_ex.o
 .debug_line    0x000000000000d777     0x2806 ./Drivers/STM32F1xx_HAL_Driver/Src/stm32f1xx_hal_uart.o

.debug_str      0x0000000000000000    0x9754b
 .debug_str     0x0000000000000000    0x93783 ./Core/Src/SimpleModbusSlave.o
                                      0x93c77 (size before relaxing)
 .debug_str     0x0000000000093783      0xd2d ./Core/Src/main.o
                                      0x947f6 (size before relaxing)
 .debug_str     0x00000000000944b0      0x3a9 ./Core/Src/stm32f1xx_hal_msp.o
                                      0x94133 (size before relaxing)
 .debug_str     0x0000000000094859       0xf1 ./Core/Src/stm32f1xx_it.o
                                      0x93b8b (size before relaxing)
 .debug_str     0x000000000009494a       0x52 ./Core/Src/system_stm32f1xx.o
                                      0x92ed3 (size before relaxing)
 .debug_str     0x000000000009499c       0x36 ./Core/Startup/startup_stm32f103rctx.o
                                         0x75 (size before relaxing)
 .debug_str     0x00000000000949d2      0x2fa ./Drivers/STM32F1xx_HAL_Driver/Src/stm32f1xx_hal.o
                                      0x93648 (size before relaxing)
 .debug_str     0x0000000000094ccc      0x300 ./Drivers/STM32F1xx_HAL_Driver/Src/stm32f1xx_hal_cortex.o
                                      0x93650 (size before relaxing)
 .debug_str     0x0000000000094fcc      0x230 ./Drivers/STM32F1xx_HAL_Driver/Src/stm32f1xx_hal_dma.o
                                      0x932ae (size before relaxing)
 .debug_str     0x00000000000951fc      0x31f ./Drivers/STM32F1xx_HAL_Driver/Src/stm32f1xx_hal_gpio.o
                                      0x93297 (size before relaxing)
 .debug_str     0x000000000009551b      0x24f ./Drivers/STM32F1xx_HAL_Driver/Src/stm32f1xx_hal_rcc.o
                                      0x932d0 (size before relaxing)
 .debug_str     0x000000000009576a      0x53e ./Drivers/STM32F1xx_HAL_Driver/Src/stm32f1xx_hal_spi.o
                                      0x937df (size before relaxing)
 .debug_str     0x0000000000095ca8      0xdbd ./Drivers/STM32F1xx_HAL_Driver/Src/stm32f1xx_hal_tim.o
                                      0x942b9 (size before relaxing)
 .debug_str     0x0000000000096a65      0x4ee ./Drivers/STM32F1xx_HAL_Driver/Src/stm32f1xx_hal_tim_ex.o
                                      0x93a5a (size before relaxing)
 .debug_str     0x0000000000096f53      0x5f8 ./Drivers/STM32F1xx_HAL_Driver/Src/stm32f1xx_hal_uart.o
                                      0x93928 (size before relaxing)

.comment        0x0000000000000000       0x53
 .comment       0x0000000000000000       0x53 ./Core/Src/SimpleModbusSlave.o
                                         0x54 (size before relaxing)
 .comment       0x0000000000000053       0x54 ./Core/Src/main.o
 .comment       0x0000000000000053       0x54 ./Core/Src/stm32f1xx_hal_msp.o
 .comment       0x0000000000000053       0x54 ./Core/Src/stm32f1xx_it.o
 .comment       0x0000000000000053       0x54 ./Core/Src/system_stm32f1xx.o
 .comment       0x0000000000000053       0x54 ./Drivers/STM32F1xx_HAL_Driver/Src/stm32f1xx_hal.o
 .comment       0x0000000000000053       0x54 ./Drivers/STM32F1xx_HAL_Driver/Src/stm32f1xx_hal_cortex.o
 .comment       0x0000000000000053       0x54 ./Drivers/STM32F1xx_HAL_Driver/Src/stm32f1xx_hal_dma.o
 .comment       0x0000000000000053       0x54 ./Drivers/STM32F1xx_HAL_Driver/Src/stm32f1xx_hal_gpio.o
 .comment       0x0000000000000053       0x54 ./Drivers/STM32F1xx_HAL_Driver/Src/stm32f1xx_hal_rcc.o
 .comment       0x0000000000000053       0x54 ./Drivers/STM32F1xx_HAL_Driver/Src/stm32f1xx_hal_spi.o
 .comment       0x0000000000000053       0x54 ./Drivers/STM32F1xx_HAL_Driver/Src/stm32f1xx_hal_tim.o
 .comment       0x0000000000000053       0x54 ./Drivers/STM32F1xx_HAL_Driver/Src/stm32f1xx_hal_tim_ex.o
 .comment       0x0000000000000053       0x54 ./Drivers/STM32F1xx_HAL_Driver/Src/stm32f1xx_hal_uart.o

.debug_frame    0x0000000000000000     0x3ef8
 .debug_frame   0x0000000000000000      0x120 ./Core/Src/SimpleModbusSlave.o
 .debug_frame   0x0000000000000120      0x274 ./Core/Src/main.o
 .debug_frame   0x0000000000000394      0x110 ./Core/Src/stm32f1xx_hal_msp.o
 .debug_frame   0x00000000000004a4      0x158 ./Core/Src/stm32f1xx_it.o
 .debug_frame   0x00000000000005fc       0x58 ./Core/Src/system_stm32f1xx.o
 .debug_frame   0x0000000000000654      0x334 ./Drivers/STM32F1xx_HAL_Driver/Src/stm32f1xx_hal.o
 .debug_frame   0x0000000000000988      0x428 ./Drivers/STM32F1xx_HAL_Driver/Src/stm32f1xx_hal_cortex.o
 .debug_frame   0x0000000000000db0      0x20c ./Drivers/STM32F1xx_HAL_Driver/Src/stm32f1xx_hal_dma.o
 .debug_frame   0x0000000000000fbc      0x14c ./Drivers/STM32F1xx_HAL_Driver/Src/stm32f1xx_hal_gpio.o
 .debug_frame   0x0000000000001108      0x218 ./Drivers/STM32F1xx_HAL_Driver/Src/stm32f1xx_hal_rcc.o
 .debug_frame   0x0000000000001320      0x824 ./Drivers/STM32F1xx_HAL_Driver/Src/stm32f1xx_hal_spi.o
 .debug_frame   0x0000000000001b44     0x11b8 ./Drivers/STM32F1xx_HAL_Driver/Src/stm32f1xx_hal_tim.o
 .debug_frame   0x0000000000002cfc      0x638 ./Drivers/STM32F1xx_HAL_Driver/Src/stm32f1xx_hal_tim_ex.o
 .debug_frame   0x0000000000003334      0x944 ./Drivers/STM32F1xx_HAL_Driver/Src/stm32f1xx_hal_uart.o
 .debug_frame   0x0000000000003c78       0x2c c:/st/stm32cubeide_1.8.0/stm32cubeide/plugins/com.st.stm32cube.ide.mcu.externaltools.gnu-tools-for-stm32.9-2020-q2-update.win32_2.0.0.202105311346/tools/bin/../lib/gcc/arm-none-eabi/9.3.1/../../../../arm-none-eabi/lib/thumb/v7-m/nofp\libc_nano.a(lib_a-init.o)
 .debug_frame   0x0000000000003ca4       0x20 c:/st/stm32cubeide_1.8.0/stm32cubeide/plugins/com.st.stm32cube.ide.mcu.externaltools.gnu-tools-for-stm32.9-2020-q2-update.win32_2.0.0.202105311346/tools/bin/../lib/gcc/arm-none-eabi/9.3.1/../../../../arm-none-eabi/lib/thumb/v7-m/nofp\libc_nano.a(lib_a-memset.o)
 .debug_frame   0x0000000000003cc4       0xac c:/st/stm32cubeide_1.8.0/stm32cubeide/plugins/com.st.stm32cube.ide.mcu.externaltools.gnu-tools-for-stm32.9-2020-q2-update.win32_2.0.0.202105311346/tools/bin/../lib/gcc/arm-none-eabi/9.3.1/thumb/v7-m/nofp\libgcc.a(_arm_addsubdf3.o)
 .debug_frame   0x0000000000003d70       0x50 c:/st/stm32cubeide_1.8.0/stm32cubeide/plugins/com.st.stm32cube.ide.mcu.externaltools.gnu-tools-for-stm32.9-2020-q2-update.win32_2.0.0.202105311346/tools/bin/../lib/gcc/arm-none-eabi/9.3.1/thumb/v7-m/nofp\libgcc.a(_arm_muldivdf3.o)
 .debug_frame   0x0000000000003dc0       0x24 c:/st/stm32cubeide_1.8.0/stm32cubeide/plugins/com.st.stm32cube.ide.mcu.externaltools.gnu-tools-for-stm32.9-2020-q2-update.win32_2.0.0.202105311346/tools/bin/../lib/gcc/arm-none-eabi/9.3.1/thumb/v7-m/nofp\libgcc.a(_arm_fixdfsi.o)
 .debug_frame   0x0000000000003de4       0x4c c:/st/stm32cubeide_1.8.0/stm32cubeide/plugins/com.st.stm32cube.ide.mcu.externaltools.gnu-tools-for-stm32.9-2020-q2-update.win32_2.0.0.202105311346/tools/bin/../lib/gcc/arm-none-eabi/9.3.1/thumb/v7-m/nofp\libgcc.a(_arm_addsubsf3.o)
 .debug_frame   0x0000000000003e30       0xc8 c:/st/stm32cubeide_1.8.0/stm32cubeide/plugins/com.st.stm32cube.ide.mcu.externaltools.gnu-tools-for-stm32.9-2020-q2-update.win32_2.0.0.202105311346/tools/bin/../lib/gcc/arm-none-eabi/9.3.1/thumb/v7-m/nofp\libgcc.a(_arm_cmpsf2.o)
