main.c:355:6:DAC7716_Write	24	static
main.c:367:6:DAC7716_SetVol	24	static
main.c:395:6:HAL_TIM_PeriodElapsedCallback	24	static
main.c:415:6:HAL_UART_RxCpltCallback	32	static
main.c:564:7:_RET	16	static
main.c:567:6:_WRT	24	static
main.c:572:6:Relay_Update	24	static
main.c:597:6:Btn_Update	16	static
main.c:604:6:Relay_init	8	static
main.c:615:5:main	16	static
main.c:717:6:SystemClock_Config	72	static
main.c:755:13:MX_SPI3_Init	8	static
main.c:793:13:MX_TIM4_Init	32	static
main.c:838:13:MX_TIM7_Init	16	static
main.c:876:13:MX_USART1_UART_Init	8	static
main.c:909:13:MX_USART3_UART_Init	8	static
main.c:942:13:MX_GPIO_Init	48	static
main.c:1016:6:Error_Handler	4	static,ignoring_inline_asm
